---
source: asyncgit/src/lib/tui/git/tests/quit.rs
assertion_line: 11
expression: ctx.redact_buffer()
---
▌No branch                                                                      |
                                                                                |
 Recent commits                                                                 |
                                                                                |
                                                                                |
                                                                                |
                                                                                |
                                                                                |
                                                                                |
                                                                                |
                                                                                |
                                                                                |
                                                                                |
                                                                                |
                                                                                |
                                                                                |
                                                                                |
                                                                                |
                                                                                |
                                                                                |
styles_hash: bc670d3bb6a7cf9a
