---
source: asyncgit/src/lib/tui/git/tests/log.rs
assertion_line: 33
expression: ctx.redact_buffer()
---
▌8bb5532 main add first commit                                                  |
 6c08cf7 add second commit                                                      |
                                                                                |
                                                                                |
                                                                                |
                                                                                |
                                                                                |
                                                                                |
                                                                                |
                                                                                |
                                                                                |
                                                                                |
                                                                                |
                                                                                |
                                                                                |
                                                                                |
                                                                                |
                                                                                |
                                                                                |
                                                                                |
styles_hash: a908290abddd40c9
