---
source: asyncgit/src/lib/gitui/tests/editor.rs
expression: ctx.redact_buffer()
---
▌No branch                                                                      |
                                                                                |
 Recent commits                                                                 |
                                                                                |
                                                                                |
                                                                                |
                                                                                |
                                                                                |
                                                                                |
                                                                                |
                                                                                |
                                                                                |
                                                                                |
                                                                                |
────────────────────────────────────────────────────────────────────────────────|
Branch                                                                          |
b Checkout branch/revision                                                      |
c Checkout new branch                                                           |
K Delete branch                                                                 |
q Quit/Close                                                                    |
styles_hash: f6149784e0bf81dd
